WARNING 2026-02-28 18:53:45,060 basehttp 16828 16588 "GET / HTTP/1.1" 404 3655
WARNING 2026-02-28 18:53:45,187 basehttp 16828 16588 "GET /favicon.ico HTTP/1.1" 404 3706
WARNING 2026-02-28 18:53:54,723 basehttp 16828 16588 "GET /api/token/ HTTP/1.1" 405 7609
WARNING 2026-02-28 18:53:56,228 basehttp 16828 16588 "GET /api/token/ HTTP/1.1" 405 7609
WARNING 2026-02-28 18:55:07,572 basehttp 16828 9028 "POST /api/order/orders/ HTTP/1.1" 400 169
WARNING 2026-02-28 18:56:50,869 basehttp 18168 19380 "POST /api/flight/flights/ HTTP/1.1" 403 63
WARNING 2026-02-28 18:57:12,327 basehttp 18168 19380 "POST /api/flights/ HTTP/1.1" 404 3710
WARNING 2026-02-28 18:57:25,007 basehttp 18168 19380 "POST /api/flight/flights/ HTTP/1.1" 403 63
WARNING 2026-02-28 18:57:59,091 basehttp 5512 8800 "GET / HTTP/1.1" 404 3655
WARNING 2026-02-28 18:58:14,451 basehttp 5512 8800 "GET /api/token/ HTTP/1.1" 405 7609
WARNING 2026-02-28 18:58:16,276 basehttp 5512 8800 "GET /api/token/ HTTP/1.1" 405 7609
WARNING 2026-02-28 19:03:20,966 basehttp 18532 6816 "POST /api/order/orders/ HTTP/1.1" 401 172
ERROR 2026-02-28 19:04:07,054 log 18532 6816 Internal Server Error: /api/order/orders/
Traceback (most recent call last):
  File "C:\projects\airport-api\.venv\Lib\site-packages\django\core\handlers\exception.py", line 55, in inner
    response = get_response(request)
               ^^^^^^^^^^^^^^^^^^^^^
  File "C:\projects\airport-api\.venv\Lib\site-packages\django\core\handlers\base.py", line 197, in _get_response
    response = wrapped_callback(request, *callback_args, **callback_kwargs)
               ^^^^^^^^^^^^^^^^^^^^^^^^^^^^^^^^^^^^^^^^^^^^^^^^^^^^^^^^^^^^
  File "C:\projects\airport-api\.venv\Lib\site-packages\django\views\decorators\csrf.py", line 65, in _view_wrapper
    return view_func(request, *args, **kwargs)
           ^^^^^^^^^^^^^^^^^^^^^^^^^^^^^^^^^^^
  File "C:\projects\airport-api\.venv\Lib\site-packages\rest_framework\viewsets.py", line 125, in view
    return self.dispatch(request, *args, **kwargs)
           ^^^^^^^^^^^^^^^^^^^^^^^^^^^^^^^^^^^^^^^
  File "C:\projects\airport-api\.venv\Lib\site-packages\rest_framework\views.py", line 515, in dispatch
    response = self.handle_exception(exc)
               ^^^^^^^^^^^^^^^^^^^^^^^^^^
  File "C:\projects\airport-api\.venv\Lib\site-packages\rest_framework\views.py", line 475, in handle_exception
    self.raise_uncaught_exception(exc)
  File "C:\projects\airport-api\.venv\Lib\site-packages\rest_framework\views.py", line 486, in raise_uncaught_exception
    raise exc
  File "C:\projects\airport-api\.venv\Lib\site-packages\rest_framework\views.py", line 512, in dispatch
    response = handler(request, *args, **kwargs)
               ^^^^^^^^^^^^^^^^^^^^^^^^^^^^^^^^^
  File "C:\projects\airport-api\order\views.py", line 84, in create
    return super().create(request, *args, **kwargs)
           ^^^^^^^^^^^^^^^^^^^^^^^^^^^^^^^^^^^^^^^^
  File "C:\projects\airport-api\.venv\Lib\site-packages\rest_framework\mixins.py", line 19, in create
    self.perform_create(serializer)
  File "C:\projects\airport-api\order\views.py", line 87, in perform_create
    serializer.save(user=self.request.user)
  File "C:\projects\airport-api\.venv\Lib\site-packages\rest_framework\serializers.py", line 210, in save
    self.instance = self.create(validated_data)
                    ^^^^^^^^^^^^^^^^^^^^^^^^^^^
  File "C:\projects\airport-api\order\serializers.py", line 61, in create
    price = flight.get_tickets_price()
            ^^^^^^^^^^^^^^^^^^^^^^^^^^
  File "C:\projects\airport-api\flight\models.py", line 39, in get_tickets_price
    return self.base_price * 1.0
           ~~~~~~~~~~~~~~~~^~~~~
TypeError: unsupported operand type(s) for *: 'decimal.Decimal' and 'float'
ERROR 2026-02-28 19:04:07,057 basehttp 18532 6816 "POST /api/order/orders/ HTTP/1.1" 500 125847
ERROR 2026-02-28 19:04:14,559 log 18532 6816 Internal Server Error: /api/order/orders/
Traceback (most recent call last):
  File "C:\projects\airport-api\.venv\Lib\site-packages\django\core\handlers\exception.py", line 55, in inner
    response = get_response(request)
               ^^^^^^^^^^^^^^^^^^^^^
  File "C:\projects\airport-api\.venv\Lib\site-packages\django\core\handlers\base.py", line 197, in _get_response
    response = wrapped_callback(request, *callback_args, **callback_kwargs)
               ^^^^^^^^^^^^^^^^^^^^^^^^^^^^^^^^^^^^^^^^^^^^^^^^^^^^^^^^^^^^
  File "C:\projects\airport-api\.venv\Lib\site-packages\django\views\decorators\csrf.py", line 65, in _view_wrapper
    return view_func(request, *args, **kwargs)
           ^^^^^^^^^^^^^^^^^^^^^^^^^^^^^^^^^^^
  File "C:\projects\airport-api\.venv\Lib\site-packages\rest_framework\viewsets.py", line 125, in view
    return self.dispatch(request, *args, **kwargs)
           ^^^^^^^^^^^^^^^^^^^^^^^^^^^^^^^^^^^^^^^
  File "C:\projects\airport-api\.venv\Lib\site-packages\rest_framework\views.py", line 515, in dispatch
    response = self.handle_exception(exc)
               ^^^^^^^^^^^^^^^^^^^^^^^^^^
  File "C:\projects\airport-api\.venv\Lib\site-packages\rest_framework\views.py", line 475, in handle_exception
    self.raise_uncaught_exception(exc)
  File "C:\projects\airport-api\.venv\Lib\site-packages\rest_framework\views.py", line 486, in raise_uncaught_exception
    raise exc
  File "C:\projects\airport-api\.venv\Lib\site-packages\rest_framework\views.py", line 512, in dispatch
    response = handler(request, *args, **kwargs)
               ^^^^^^^^^^^^^^^^^^^^^^^^^^^^^^^^^
  File "C:\projects\airport-api\order\views.py", line 84, in create
    return super().create(request, *args, **kwargs)
           ^^^^^^^^^^^^^^^^^^^^^^^^^^^^^^^^^^^^^^^^
  File "C:\projects\airport-api\.venv\Lib\site-packages\rest_framework\mixins.py", line 19, in create
    self.perform_create(serializer)
  File "C:\projects\airport-api\order\views.py", line 87, in perform_create
    serializer.save(user=self.request.user)
  File "C:\projects\airport-api\.venv\Lib\site-packages\rest_framework\serializers.py", line 210, in save
    self.instance = self.create(validated_data)
                    ^^^^^^^^^^^^^^^^^^^^^^^^^^^
  File "C:\projects\airport-api\order\serializers.py", line 61, in create
    price = flight.get_tickets_price()
            ^^^^^^^^^^^^^^^^^^^^^^^^^^
  File "C:\projects\airport-api\flight\models.py", line 39, in get_tickets_price
    return self.base_price * 1.0
           ~~~~~~~~~~~~~~~~^~~~~
TypeError: unsupported operand type(s) for *: 'decimal.Decimal' and 'float'
ERROR 2026-02-28 19:04:14,561 basehttp 18532 6816 "POST /api/order/orders/ HTTP/1.1" 500 125847
